\BOOKMARK [0][-]{chapter.1}{\376\377\000I\000n\000t\000r\000o\000d\000u\000c\000c\000i\000o\000n\000\040\000g\000e\000n\000e\000r\000a\000l}{}% 1
\BOOKMARK [1][-]{section.1.1}{\376\377\000E\000s\000t\000a\000d\000o\000\040\000d\000e\000l\000\040\000a\000r\000t\000e}{chapter.1}% 2
\BOOKMARK [2][-]{subsection.1.1.1}{\376\377\000C\000l\000i\000n\000o\000s\000t\000a\000t\000o\000s}{section.1.1}% 3
\BOOKMARK [2][-]{subsection.1.1.2}{\376\377\000A\000c\000c\000i\000o\000n\000a\000m\000i\000e\000n\000t\000o\000\040\000y\000\040\000d\000i\000n\000\341\000m\000i\000c\000a\000s\000\040\000d\000e\000\040\000m\000o\000t\000o\000r\000e\000s\000\040\000e\000l\000\351\000c\000t\000r\000i\000c\000o\000s}{section.1.1}% 4
\BOOKMARK [2][-]{subsection.1.1.3}{\376\377\000T\000i\000p\000o\000s\000\040\000d\000e\000\040\000c\000o\000n\000t\000r\000o\000l\000e\000s}{section.1.1}% 5
\BOOKMARK [1][-]{section.1.2}{\376\377\000P\000r\000o\000b\000l\000e\000m\000\341\000t\000i\000c\000a}{chapter.1}% 6
\BOOKMARK [1][-]{section.1.3}{\376\377\000P\000r\000o\000p\000u\000e\000s\000t\000a\000\040\000d\000e\000\040\000s\000o\000l\000u\000c\000i\000\363\000n}{chapter.1}% 7
\BOOKMARK [1][-]{section.1.4}{\376\377\000O\000b\000j\000e\000t\000i\000v\000o\000s}{chapter.1}% 8
\BOOKMARK [2][-]{subsection.1.4.1}{\376\377\000O\000b\000j\000e\000t\000i\000v\000o\000\040\000g\000e\000n\000e\000r\000a\000l}{section.1.4}% 9
\BOOKMARK [2][-]{subsection.1.4.2}{\376\377\000O\000b\000j\000e\000t\000i\000v\000o\000s\000\040\000e\000s\000p\000e\000c\000i\000f\000i\000c\000o\000s}{section.1.4}% 10
\BOOKMARK [2][-]{subsection.1.4.3}{\376\377\000A\000l\000c\000a\000n\000c\000e\000s}{section.1.4}% 11
\BOOKMARK [2][-]{subsection.1.4.4}{\376\377\000L\000i\000m\000i\000t\000a\000c\000i\000o\000n\000e\000s}{section.1.4}% 12
\BOOKMARK [0][-]{chapter.2}{\376\377\000M\000a\000r\000c\000o\000\040\000t\000e\000\363\000r\000i\000c\000o}{}% 13
\BOOKMARK [1][-]{section.2.1}{\376\377\000M\000o\000t\000o\000r\000\040\000S\000t\000e\000p\000p\000e\000r}{chapter.2}% 14
\BOOKMARK [1][-]{section.2.2}{\376\377\000M\000o\000d\000e\000l\000a\000d\000o\000\040\000e\000l\000e\000c\000t\000r\000o\000m\000e\000c\000\341\000n\000i\000c\000o\000\040\000d\000e\000l\000\040\000m\000o\000t\000o\000r}{chapter.2}% 15
\BOOKMARK [1][-]{section.2.3}{\376\377\000T\000r\000a\000n\000s\000f\000o\000r\000m\000a\000d\000a\000\040\000d\000e\000\040\000P\000a\000r\000k\000\040\000y\000\040\000C\000l\000a\000r\000k\000e}{chapter.2}% 16
\BOOKMARK [1][-]{section.2.4}{\376\377\000F\000O\000C\000\040\000e\000n\000\040\000m\000o\000t\000o\000r\000e\000s\000\040\000s\000t\000e\000p\000p\000e\000r\000s}{chapter.2}% 17
\BOOKMARK [1][-]{section.2.5}{\376\377\000F\000i\000l\000t\000r\000o\000\040\000d\000e\000\040\000K\000a\000l\000m\000a\000n\000\040\000E\000x\000t\000e\000n\000d\000i\000d\000o}{chapter.2}% 18
\BOOKMARK [1][-]{section.2.6}{\376\377\000H\000i\000g\000h\000\040\000F\000r\000e\000c\000u\000e\000n\000c\000y\000\040\000I\000n\000j\000e\000c\000t\000i\000o\000n}{chapter.2}% 19
\BOOKMARK [1][-]{section.2.7}{\376\377\000S\000a\000l\000i\000e\000n\000c\000i\000a}{chapter.2}% 20
\BOOKMARK [0][-]{chapter.3}{\376\377\000M\000e\000t\000o\000d\000o\000l\000o\000g\000\355\000a}{}% 21
\BOOKMARK [1][-]{section.3.1}{\376\377\000C\000a\000r\000a\000c\000t\000e\000r\000i\000z\000a\000c\000i\000\363\000n\000\040\000d\000e\000l\000\040\000m\000o\000t\000o\000r}{chapter.3}% 22
\BOOKMARK [1][-]{section.3.2}{\376\377\000C\000o\000n\000t\000r\000o\000l\000\040\000P\000I}{chapter.3}% 23
\BOOKMARK [1][-]{section.3.3}{\376\377\000F\000i\000l\000t\000r\000o\000\040\000d\000e\000\040\000K\000a\000l\000m\000a\000n\000\040\000E\000x\000t\000e\000n\000d\000i\000d\000o}{chapter.3}% 24
\BOOKMARK [2][-]{subsection.3.3.1}{\376\377\000O\000b\000s\000e\000r\000v\000a\000b\000i\000l\000i\000d\000a\000d\000\040\000y\000\040\000c\000o\000n\000t\000r\000o\000l\000a\000b\000i\000l\000i\000d\000a\000d}{section.3.3}% 25
\BOOKMARK [0][-]{appendix.Alph1}{\376\377\000D\000a\000t\000a\000s\000h\000e\000e\000t\000\040\000M\000o\000t\000o\000r}{}% 26
\BOOKMARK [0][-]{appendix.Alph2}{\376\377\000M\000e\000d\000i\000c\000i\000o\000n\000e\000s\000\040\000d\000e\000\040\000i\000n\000d\000u\000c\000t\000a\000n\000c\000i\000a}{}% 27
\BOOKMARK [0][-]{figure.caption.12}{\376\377\000B\000i\000b\000l\000i\000o\000g\000r\000a\000f\000\355\000a}{}% 28
